[1/2] Cleaning additional files...
[2/2] Cleaning all built files...
Cleaning... 7 files.
[1/64] Automatic MOC and UIC for target QtNetworkChat
[2/64] Building CXX object CMakeFiles\QtNetworkChat.dir\Debug\src\chatbubbledelegate.cpp.obj
[3/64] Building CXX object CMakeFiles\QtNetworkChat.dir\Debug\QtNetworkChat_autogen\mocs_compilation_Debug.cpp.obj
[4/64] Building CXX object CMakeFiles\QtNetworkChat.dir\Debug\src\main.cpp.obj
[5/64] Building CXX object CMakeFiles\QtNetworkChat.dir\Debug\src\sessionitemdelegate.cpp.obj
[6/64] Building CXX object CMakeFiles\QtNetworkChat.dir\Debug\src\iconhelper.cpp.obj
[7/64] Building CXX object CMakeFiles\QtNetworkChat.dir\Debug\src\mainwindow.cpp.obj
FAILED: [code=2] CMakeFiles/QtNetworkChat.dir/Debug/src/mainwindow.cpp.obj 
D:\PROGRA~1\MICROS~1\18\COMMUN~1\VC\Tools\MSVC\1451~1.362\bin\Hostx64\x64\cl.exe  /nologo /TP -DQT_CORE_LIB -DQT_GUI_LIB -DQT_MULTIMEDIA_LIB -DQT_NETWORK_LIB -DQT_SQL_LIB -DQT_WIDGETS_LIB -D_ALLOW_ITERATOR_DEBUG_LEVEL=0 -DCMAKE_INTDIR=\"Debug\" -I"D:\C++VS pro\QtNetworkChat\build-qqnt-ui-ninja\QtNetworkChat_autogen\include_Debug" -I"D:\C++VS pro\QtNetworkChat\build-qqnt-ui-ninja\generated" -I"D:\C++VS pro\QtNetworkChat\include" -external:ID:\Qt\5.15.2\msvc2019_64\include -external:ID:\Qt\5.15.2\msvc2019_64\include\QtWidgets -external:ID:\Qt\5.15.2\msvc2019_64\include\QtGui -external:ID:\Qt\5.15.2\msvc2019_64\include\QtANGLE -external:ID:\Qt\5.15.2\msvc2019_64\include\QtCore -external:ID:\Qt\5.15.2\msvc2019_64\.\mkspecs\win32-msvc -external:ID:\Qt\5.15.2\msvc2019_64\include\QtNetwork -external:ID:\Qt\5.15.2\msvc2019_64\include\QtSql -external:ID:\Qt\5.15.2\msvc2019_64\include\QtMultimedia -external:W0 /DWIN32 /D_WINDOWS /GR /EHsc /Zi /Ob0 /Od /RTC1 -std:c++17 -MDd /utf-8 /D_ITERATOR_DEBUG_LEVEL=0 /FI "D:/C++VS pro/QtNetworkChat/include/msvc_compat.h" /showIncludes /FoCMakeFiles\QtNetworkChat.dir\Debug\src\mainwindow.cpp.obj /FdCMakeFiles\QtNetworkChat.dir\Debug\ /FS -c "D:\C++VS pro\QtNetworkChat\src\mainwindow.cpp"
D:\C++VS pro\QtNetworkChat\src\mainwindow.cpp(1475): error C2065: “CreateGroupDialog”: 未声明的标识符
D:\C++VS pro\QtNetworkChat\src\mainwindow.cpp(1475): error C2146: 语法错误: 缺少“;”(在标识符“dialog”的前面)
D:\C++VS pro\QtNetworkChat\src\mainwindow.cpp(1475): error C3861: “dialog”: 找不到标识符
D:\C++VS pro\QtNetworkChat\src\mainwindow.cpp(1484): error C2065: “dialog”: 未声明的标识符
D:\C++VS pro\QtNetworkChat\src\mainwindow.cpp(1485): error C2065: “dialog”: 未声明的标识符
D:\C++VS pro\QtNetworkChat\src\mainwindow.cpp(1485): error C2653: “CreateGroupDialog”: 不是类或命名空间名称
D:\C++VS pro\QtNetworkChat\src\mainwindow.cpp(1485): error C2065: “createRequestedWithCategory”: 未声明的标识符
D:\C++VS pro\QtNetworkChat\src\mainwindow.cpp(1486): error C3481: “dialog”: 未找到 lambda 捕获变量
D:\C++VS pro\QtNetworkChat\src\mainwindow.cpp(1495): error C2065: “dialog”: 未声明的标识符
D:\C++VS pro\QtNetworkChat\src\mainwindow.cpp(1495): error C2653: “CreateGroupDialog”: 不是类或命名空间名称
D:\C++VS pro\QtNetworkChat\src\mainwindow.cpp(1495): error C2065: “createRequested”: 未声明的标识符
D:\C++VS pro\QtNetworkChat\src\mainwindow.cpp(1496): error C3481: “dialog”: 未找到 lambda 捕获变量
D:\C++VS pro\QtNetworkChat\src\mainwindow.cpp(1502): error C2065: “dialog”: 未声明的标识符
D:\C++VS pro\QtNetworkChat\src\mainwindow.cpp(4028): error C2065: “GlobalSearchDialog”: 未声明的标识符
D:\C++VS pro\QtNetworkChat\src\mainwindow.cpp(4028): error C2146: 语法错误: 缺少“;”(在标识符“dialog”的前面)
D:\C++VS pro\QtNetworkChat\src\mainwindow.cpp(4028): error C3861: “dialog”: 找不到标识符
D:\C++VS pro\QtNetworkChat\src\mainwindow.cpp(4034): error C2065: “dialog”: 未声明的标识符
D:\C++VS pro\QtNetworkChat\src\mainwindow.cpp(4038): error C2065: “dialog”: 未声明的标识符
D:\C++VS pro\QtNetworkChat\src\mainwindow.cpp(4042): error C2065: “dialog”: 未声明的标识符
D:\C++VS pro\QtNetworkChat\src\mainwindow.cpp(4042): error C2653: “GlobalSearchDialog”: 不是类或命名空间名称
D:\C++VS pro\QtNetworkChat\src\mainwindow.cpp(4042): error C2065: “resultActivated”: 未声明的标识符
D:\C++VS pro\QtNetworkChat\src\mainwindow.cpp(4050): error C2065: “dialog”: 未声明的标识符
D:\C++VS pro\QtNetworkChat\src\mainwindow.cpp(4050): error C2653: “GlobalSearchDialog”: 不是类或命名空间名称
D:\C++VS pro\QtNetworkChat\src\mainwindow.cpp(4050): error C2065: “joinGroupRequested”: 未声明的标识符
D:\C++VS pro\QtNetworkChat\src\mainwindow.cpp(4063): error C2065: “dialog”: 未声明的标识符
[8/64] Building CXX object CMakeFiles\QtNetworkChat.dir\Debug\src\qqnt_redis_service.cpp.obj
[9/64] Building CXX object CMakeFiles\QtNetworkChat.dir\Debug\src\qqnt_backend_service.cpp.obj
[10/64] Building CXX object CMakeFiles\QtNetworkChat.dir\Debug\src\transferchatitemrenderer.cpp.obj
ninja: build stopped: subcommand failed.
