[1/662] Automatic MOC and UIC for target sqlite_to_postgres_migrator
[2/662] Automatic MOC and UIC for target qqnt_server
[3/662] Automatic MOC and UIC for target qqnt_engine
[4/662] Automatic MOC and UIC for target e2e_rollout_observability_exporter
[5/662] Automatic MOC and UIC for target message_serialization_test
[6/662] Automatic MOC and UIC for target QtNetworkChat
[7/662] Building CXX object CMakeFiles\qqnt_engine.dir\Debug\qqnt_engine_autogen\mocs_compilation_Debug.cpp.obj
[8/662] Building CXX object CMakeFiles\qqnt_engine.dir\Debug\src\qqnt_client_bridge.cpp.obj
[9/662] Building CXX object CMakeFiles\qqnt_engine.dir\Debug\tools\qqnt_engine.cpp.obj
[10/662] Building CXX object CMakeFiles\qqnt_engine.dir\Debug\src\qqnt_engine_command_router.cpp.obj
[11/662] Building CXX object CMakeFiles\qqnt_engine.dir\Debug\src\qqnt_redis_service.cpp.obj
[12/662] Building CXX object CMakeFiles\qqnt_engine.dir\Debug\src\qqnt_backend_service.cpp.obj
[13/662] Building CXX object CMakeFiles\qqnt_engine.dir\Debug\src\redisclient.cpp.obj
[14/662] Building CXX object CMakeFiles\qqnt_engine.dir\Debug\src\message.cpp.obj
[15/662] Building CXX object CMakeFiles\qqnt_engine.dir\Debug\src\client.cpp.obj
[16/662] Building CXX object CMakeFiles\qqnt_engine.dir\Debug\src\objectstore.cpp.obj
[17/662] Building CXX object CMakeFiles\qqnt_engine.dir\Debug\src\heartbeatmonitor.cpp.obj
[18/662] Building CXX object CMakeFiles\qqnt_engine.dir\Debug\src\server.cpp.obj
[19/662] Building CXX object CMakeFiles\qqnt_engine.dir\Debug\src\localfilemanager.cpp.obj
[20/662] Building CXX object CMakeFiles\qqnt_engine.dir\Debug\src\logincredentialstore.cpp.obj
[21/662] Building CXX object CMakeFiles\qqnt_engine.dir\Debug\src\clientstorage.cpp.obj
[22/662] Building CXX object CMakeFiles\qqnt_engine.dir\Debug\src\tlssecurity.cpp.obj
[23/662] Building CXX object CMakeFiles\qqnt_engine.dir\Debug\src\filetransferstatus.cpp.obj
[24/662] Building CXX object CMakeFiles\qqnt_engine.dir\Debug\src\historyattachmentparser.cpp.obj
[25/662] Building CXX object CMakeFiles\qqnt_engine.dir\Debug\src\chatsessionmanager.cpp.obj
[26/662] Building CXX object CMakeFiles\qqnt_engine.dir\Debug\src\chatcontextmanager.cpp.obj
[27/662] Building CXX object CMakeFiles\qqnt_engine.dir\Debug\src\transfermanager.cpp.obj
[28/662] Building CXX object CMakeFiles\qqnt_engine.dir\Debug\src\windowstatemanager.cpp.obj
[29/662] Building CXX object CMakeFiles\qqnt_engine.dir\Debug\src\composermanager.cpp.obj
[30/662] Building CXX object CMakeFiles\qqnt_engine.dir\Debug\src\groupmanager.cpp.obj
[31/662] Building CXX object CMakeFiles\qqnt_engine.dir\Debug\src\notificationpanelmanager.cpp.obj
[32/662] Building CXX object CMakeFiles\qqnt_engine.dir\Debug\src\friendmanager.cpp.obj
[33/662] Automatic MOC and UIC for target e2e_envelope_test
[34/662] Automatic MOC and UIC for target e2e_production_adapter_runtime_test
[35/662] Automatic MOC and UIC for target e2e_private_message_delivery_test
[36/662] Automatic MOC and UIC for target history_metadata_test
[37/662] Automatic MOC and UIC for target history_attachment_parser_test
[38/662] Automatic MOC and UIC for target history_service_test
[39/662] Building CXX object CMakeFiles\qqnt_engine.dir\Debug\src\e2eenvelope.cpp.obj
[40/662] Automatic MOC and UIC for target server_group_member_update_test
[41/662] Automatic MOC and UIC for target server_friend_persistence_test
[42/662] Automatic MOC and UIC for target account_password_kdf_test
[43/662] Automatic MOC and UIC for target login_credential_store_test
[44/662] Automatic MOC and UIC for target tls_security_test
[45/662] Automatic MOC and UIC for target file_transfer_status_test
[46/662] Automatic MOC and UIC for target transfer_chat_item_renderer_test
[47/662] Automatic MOC and UIC for target transfer_manager_test
[48/662] Automatic MOC and UIC for target friend_manager_test
[49/662] Automatic MOC and UIC for target local_file_manager_test
[50/662] Automatic MOC and UIC for target chat_session_manager_test
[51/662] Automatic MOC and UIC for target chat_context_manager_test
[52/662] Automatic MOC and UIC for target notification_panel_manager_test
[53/662] Automatic MOC and UIC for target composer_manager_test
[54/662] Automatic MOC and UIC for target window_state_manager_test
[55/662] Automatic MOC and UIC for target group_manager_test
[56/662] Automatic MOC and UIC for target screenshot_geometry_test
[57/662] Automatic MOC and UIC for target session_list_builder_test
[58/662] Automatic MOC and UIC for target theme_qss_consistency_test
[59/662] Automatic MOC and UIC for target client_storage_test
[60/662] Automatic MOC and UIC for target file_transfer_cancel_test
[61/662] Automatic MOC and UIC for target public_image_transfer_test
[62/662] Automatic MOC and UIC for target file_chunk_duplicate_ack_test
[63/662] Linking CXX executable Debug\qqnt_engine.exe
[64/662] Automatic MOC and UIC for target file_chunk_retry_progress_test
[65/662] Automatic MOC and UIC for target redis_client_test
[66/662] Automatic MOC and UIC for target offline_attachment_quota_test
[67/662] Automatic MOC and UIC for target objectstore_test
[68/662] Automatic MOC and UIC for target redis_startup_requirement_test
[69/662] Automatic MOC and UIC for target database_health_test
[70/662] Automatic MOC and UIC for target postgres_qpsql_protocol_smoke_test
[71/662] Automatic MOC and UIC for target redis_presence_flow_test
[72/662] Automatic MOC and UIC for target redis_server_readiness_test
[73/662] Automatic MOC and UIC for target qqnt_backend_parity_test
[74/662] Automatic MOC and UIC for target heartbeat_monitor_test
[75/662] Automatic MOC and UIC for target redis_cross_instance_chat_test
[76/662] Automatic MOC and UIC for target qqnt_backend_service_test
[77/662] Automatic MOC and UIC for target qqnt_protocol_drift_test
[78/662] Automatic MOC and UIC for target qqnt_engine_smoke_test
[79/662] Automatic MOC and UIC for target qqnt_server_redis_test
[80/662] Automatic MOC and UIC for target qqnt_engine_end_to_end_test
[81/662] Building CXX object CMakeFiles\QtNetworkChat.dir\Debug\src\chatbubbledelegate.cpp.obj
[82/662] Building CXX object CMakeFiles\QtNetworkChat.dir\Debug\QtNetworkChat_autogen\mocs_compilation_Debug.cpp.obj
[83/662] Building CXX object CMakeFiles\QtNetworkChat.dir\Debug\src\main.cpp.obj
[84/662] Building CXX object CMakeFiles\QtNetworkChat.dir\Debug\src\sessionitemdelegate.cpp.obj
[85/662] Building CXX object CMakeFiles\QtNetworkChat.dir\Debug\src\iconhelper.cpp.obj
[86/662] Building CXX object CMakeFiles\QtNetworkChat.dir\Debug\src\qqnt_redis_service.cpp.obj
[87/662] Building CXX object CMakeFiles\QtNetworkChat.dir\Debug\src\transferchatitemrenderer.cpp.obj
[88/662] Building CXX object CMakeFiles\QtNetworkChat.dir\Debug\src\qqnt_backend_service.cpp.obj
[89/662] Building CXX object CMakeFiles\QtNetworkChat.dir\Debug\src\notificationpanelmanager.cpp.obj
[90/662] Building CXX object CMakeFiles\QtNetworkChat.dir\Debug\src\mainwindow.cpp.obj
[91/662] Building CXX object CMakeFiles\QtNetworkChat.dir\Debug\src\historymetadata.cpp.obj
[92/662] Building CXX object CMakeFiles\QtNetworkChat.dir\Debug\src\historyservice.cpp.obj
[93/662] Building CXX object CMakeFiles\QtNetworkChat.dir\Debug\src\clientstorage.cpp.obj
[94/662] Building CXX object CMakeFiles\QtNetworkChat.dir\Debug\src\message.cpp.obj
[95/662] Building CXX object CMakeFiles\QtNetworkChat.dir\Debug\src\redisclient.cpp.obj
[96/662] Building CXX object CMakeFiles\QtNetworkChat.dir\Debug\src\heartbeatmonitor.cpp.obj
[97/662] Building CXX object CMakeFiles\QtNetworkChat.dir\Debug\src\objectstore.cpp.obj
[98/662] Building CXX object CMakeFiles\QtNetworkChat.dir\Debug\src\logincredentialstore.cpp.obj
[99/662] Building CXX object CMakeFiles\QtNetworkChat.dir\Debug\src\client.cpp.obj
[100/662] Building CXX object CMakeFiles\QtNetworkChat.dir\Debug\src\server.cpp.obj
[101/662] Building CXX object CMakeFiles\QtNetworkChat.dir\Debug\src\theme\thememanager.cpp.obj
[102/662] Building CXX object CMakeFiles\QtNetworkChat.dir\Debug\src\widgets\avatarlabel.cpp.obj
[103/662] Building CXX object CMakeFiles\QtNetworkChat.dir\Debug\src\widgets\contactcard.cpp.obj
[104/662] Building CXX object CMakeFiles\QtNetworkChat.dir\Debug\src\widgets\contactlistwidget.cpp.obj
[105/662] Building CXX object CMakeFiles\QtNetworkChat.dir\Debug\src\widgets\contactnoticepanel.cpp.obj
[106/662] Building CXX object CMakeFiles\QtNetworkChat.dir\Debug\src\widgets\groupmembersidebar.cpp.obj
[107/662] Building CXX object CMakeFiles\QtNetworkChat.dir\Debug\src\widgets\titlebar.cpp.obj
[108/662] Building CXX object CMakeFiles\QtNetworkChat.dir\Debug\src\widgets\dialogtitlebar.cpp.obj
[109/662] Building CXX object CMakeFiles\QtNetworkChat.dir\Debug\src\widgets\appnav.cpp.obj
[110/662] Building CXX object CMakeFiles\QtNetworkChat.dir\Debug\src\widgets\composerTextEdit.cpp.obj
[111/662] Building CXX object CMakeFiles\QtNetworkChat.dir\Debug\src\widgets\composerwidget.cpp.obj
[112/662] Building CXX object CMakeFiles\QtNetworkChat.dir\Debug\src\views\messagesview.cpp.obj
[113/662] Building CXX object CMakeFiles\QtNetworkChat.dir\Debug\src\views\contactsview.cpp.obj
[114/662] Building CXX object CMakeFiles\QtNetworkChat.dir\Debug\src\views\favoritesview.cpp.obj
[115/662] Building CXX object CMakeFiles\QtNetworkChat.dir\Debug\src\views\profileview.cpp.obj
[116/662] Building CXX object CMakeFiles\QtNetworkChat.dir\Debug\src\views\settingsview.cpp.obj
[117/662] Building CXX object CMakeFiles\QtNetworkChat.dir\Debug\src\dialogs\addfrienddialog.cpp.obj
[118/662] Building CXX object CMakeFiles\QtNetworkChat.dir\Debug\src\dialogs\globalsearchdialog.cpp.obj
FAILED: [code=2] CMakeFiles/QtNetworkChat.dir/Debug/src/dialogs/globalsearchdialog.cpp.obj 
D:\PROGRA~1\MICROS~1\18\COMMUN~1\VC\Tools\MSVC\1451~1.362\bin\Hostx64\x64\cl.exe  /nologo /TP -DQT_CORE_LIB -DQT_GUI_LIB -DQT_MULTIMEDIA_LIB -DQT_NETWORK_LIB -DQT_SQL_LIB -DQT_WIDGETS_LIB -D_ALLOW_ITERATOR_DEBUG_LEVEL=0 -DCMAKE_INTDIR=\"Debug\" -I"D:\C++VS pro\QtNetworkChat\build-qqnt-ui-ninja\QtNetworkChat_autogen\include_Debug" -I"D:\C++VS pro\QtNetworkChat\build-qqnt-ui-ninja\generated" -I"D:\C++VS pro\QtNetworkChat\include" -external:ID:\Qt\5.15.2\msvc2019_64\include -external:ID:\Qt\5.15.2\msvc2019_64\include\QtWidgets -external:ID:\Qt\5.15.2\msvc2019_64\include\QtGui -external:ID:\Qt\5.15.2\msvc2019_64\include\QtANGLE -external:ID:\Qt\5.15.2\msvc2019_64\include\QtCore -external:ID:\Qt\5.15.2\msvc2019_64\.\mkspecs\win32-msvc -external:ID:\Qt\5.15.2\msvc2019_64\include\QtNetwork -external:ID:\Qt\5.15.2\msvc2019_64\include\QtSql -external:ID:\Qt\5.15.2\msvc2019_64\include\QtMultimedia -external:W0 /DWIN32 /D_WINDOWS /GR /EHsc /Zi /Ob0 /Od /RTC1 -std:c++17 -MDd /utf-8 /D_ITERATOR_DEBUG_LEVEL=0 /FI "D:/C++VS pro/QtNetworkChat/include/msvc_compat.h" /showIncludes /FoCMakeFiles\QtNetworkChat.dir\Debug\src\dialogs\globalsearchdialog.cpp.obj /FdCMakeFiles\QtNetworkChat.dir\Debug\ /FS -c "D:\C++VS pro\QtNetworkChat\src\dialogs\globalsearchdialog.cpp"
D:\C++VS pro\QtNetworkChat\src\dialogs\globalsearchdialog.cpp(215): error C2664: “void QStandardItem::setData(const QVariant &,int)”: 无法将参数 1 从“QList<QString>”转换为“const QVariant &”
D:\C++VS pro\QtNetworkChat\src\dialogs\globalsearchdialog.cpp(215): note: 原因如下: 无法从“QList<QString>”转换为“const QVariant”
D:\C++VS pro\QtNetworkChat\src\dialogs\globalsearchdialog.cpp(215): note: 没有可用于执行该转换的用户定义的转换运算符，或者无法调用该运算符
D:\Qt\5.15.2\msvc2019_64\include\QtGui\qstandarditemmodel.h(71): note: 参见“QStandardItem::setData”的声明
D:\C++VS pro\QtNetworkChat\src\dialogs\globalsearchdialog.cpp(215): note: 尝试匹配参数列表“(QList<QString>, const int)”时
[119/662] Building CXX object CMakeFiles\QtNetworkChat.dir\Debug\src\dialogs\creategroupdialog.cpp.obj
[120/662] Building CXX object CMakeFiles\QtNetworkChat.dir\Debug\src\dialogs\mutedurationdialog.cpp.obj
[121/662] Building CXX object CMakeFiles\QtNetworkChat.dir\Debug\src\dialogs\friendmanagerdialog.cpp.obj
ninja: build stopped: subcommand failed.
