[1/2] Cleaning additional files...
[2/2] Cleaning all built files...
Cleaning... 63 files.
[1/64] Automatic MOC and UIC for target QtNetworkChat
[2/64] Building CXX object CMakeFiles\QtNetworkChat.dir\Debug\src\chatbubbledelegate.cpp.obj
[3/64] Building CXX object CMakeFiles\QtNetworkChat.dir\Debug\QtNetworkChat_autogen\mocs_compilation_Debug.cpp.obj
[4/64] Building CXX object CMakeFiles\QtNetworkChat.dir\Debug\src\main.cpp.obj
[5/64] Building CXX object CMakeFiles\QtNetworkChat.dir\Debug\src\sessionitemdelegate.cpp.obj
[6/64] Building CXX object CMakeFiles\QtNetworkChat.dir\Debug\src\iconhelper.cpp.obj
[7/64] Building CXX object CMakeFiles\QtNetworkChat.dir\Debug\src\qqnt_redis_service.cpp.obj
[8/64] Building CXX object CMakeFiles\QtNetworkChat.dir\Debug\src\qqnt_backend_service.cpp.obj
[9/64] Building CXX object CMakeFiles\QtNetworkChat.dir\Debug\src\notificationpanelmanager.cpp.obj
[10/64] Building CXX object CMakeFiles\QtNetworkChat.dir\Debug\src\transferchatitemrenderer.cpp.obj
[11/64] Building CXX object CMakeFiles\QtNetworkChat.dir\Debug\src\mainwindow.cpp.obj
[12/64] Building CXX object CMakeFiles\QtNetworkChat.dir\Debug\src\historymetadata.cpp.obj
[13/64] Building CXX object CMakeFiles\QtNetworkChat.dir\Debug\src\historyservice.cpp.obj
[14/64] Building CXX object CMakeFiles\QtNetworkChat.dir\Debug\src\clientstorage.cpp.obj
[15/64] Building CXX object CMakeFiles\QtNetworkChat.dir\Debug\src\redisclient.cpp.obj
[16/64] Building CXX object CMakeFiles\QtNetworkChat.dir\Debug\src\message.cpp.obj
[17/64] Building CXX object CMakeFiles\QtNetworkChat.dir\Debug\src\heartbeatmonitor.cpp.obj
[18/64] Building CXX object CMakeFiles\QtNetworkChat.dir\Debug\src\objectstore.cpp.obj
[19/64] Building CXX object CMakeFiles\QtNetworkChat.dir\Debug\src\server.cpp.obj
[20/64] Building CXX object CMakeFiles\QtNetworkChat.dir\Debug\src\client.cpp.obj
[21/64] Building CXX object CMakeFiles\QtNetworkChat.dir\Debug\src\logincredentialstore.cpp.obj
[22/64] Building CXX object CMakeFiles\QtNetworkChat.dir\Debug\src\widgets\avatarlabel.cpp.obj
[23/64] Building CXX object CMakeFiles\QtNetworkChat.dir\Debug\src\theme\thememanager.cpp.obj
[24/64] Building CXX object CMakeFiles\QtNetworkChat.dir\Debug\src\widgets\contactcard.cpp.obj
[25/64] Building CXX object CMakeFiles\QtNetworkChat.dir\Debug\src\widgets\contactlistwidget.cpp.obj
[26/64] Building CXX object CMakeFiles\QtNetworkChat.dir\Debug\src\widgets\contactnoticepanel.cpp.obj
[27/64] Building CXX object CMakeFiles\QtNetworkChat.dir\Debug\src\widgets\groupmembersidebar.cpp.obj
[28/64] Building CXX object CMakeFiles\QtNetworkChat.dir\Debug\src\widgets\titlebar.cpp.obj
[29/64] Building CXX object CMakeFiles\QtNetworkChat.dir\Debug\src\widgets\dialogtitlebar.cpp.obj
[30/64] Building CXX object CMakeFiles\QtNetworkChat.dir\Debug\src\widgets\appnav.cpp.obj
[31/64] Building CXX object CMakeFiles\QtNetworkChat.dir\Debug\src\widgets\composerTextEdit.cpp.obj
[32/64] Building CXX object CMakeFiles\QtNetworkChat.dir\Debug\src\widgets\composerwidget.cpp.obj
[33/64] Building CXX object CMakeFiles\QtNetworkChat.dir\Debug\src\views\messagesview.cpp.obj
[34/64] Building CXX object CMakeFiles\QtNetworkChat.dir\Debug\src\views\contactsview.cpp.obj
[35/64] Building CXX object CMakeFiles\QtNetworkChat.dir\Debug\src\views\favoritesview.cpp.obj
[36/64] Building CXX object CMakeFiles\QtNetworkChat.dir\Debug\src\views\settingsview.cpp.obj
[37/64] Building CXX object CMakeFiles\QtNetworkChat.dir\Debug\src\views\profileview.cpp.obj
[38/64] Building CXX object CMakeFiles\QtNetworkChat.dir\Debug\src\dialogs\addfrienddialog.cpp.obj
[39/64] Building CXX object CMakeFiles\QtNetworkChat.dir\Debug\src\dialogs\globalsearchdialog.cpp.obj
[40/64] Building CXX object CMakeFiles\QtNetworkChat.dir\Debug\src\dialogs\creategroupdialog.cpp.obj
[41/64] Building CXX object CMakeFiles\QtNetworkChat.dir\Debug\src\dialogs\friendmanagerdialog.cpp.obj
[42/64] Building CXX object CMakeFiles\QtNetworkChat.dir\Debug\src\dialogs\mutedurationdialog.cpp.obj
[43/64] Building CXX object CMakeFiles\QtNetworkChat.dir\Debug\src\dialogs\memberprofilecard.cpp.obj
[44/64] Building CXX object CMakeFiles\QtNetworkChat.dir\Debug\src\dialogs\groupnicknamedialog.cpp.obj
[45/64] Building CXX object CMakeFiles\QtNetworkChat.dir\Debug\src\dialogs\essencepanel.cpp.obj
[46/64] Building CXX object CMakeFiles\QtNetworkChat.dir\Debug\src\windows\imagepreviewwindow.cpp.obj
[47/64] Building CXX object CMakeFiles\QtNetworkChat.dir\Debug\src\windows\screenshotcapturewindow.cpp.obj
[48/64] Building CXX object CMakeFiles\QtNetworkChat.dir\Debug\src\windows\forwardwindow.cpp.obj
[49/64] Building CXX object CMakeFiles\QtNetworkChat.dir\Debug\src\windows\noticefilterwindow.cpp.obj
[50/64] Building CXX object CMakeFiles\QtNetworkChat.dir\Debug\src\windows\registerwindow.cpp.obj
[51/64] Building CXX object CMakeFiles\QtNetworkChat.dir\Debug\src\tlssecurity.cpp.obj
[52/64] Building CXX object CMakeFiles\QtNetworkChat.dir\Debug\src\filetransferstatus.cpp.obj
[53/64] Building CXX object CMakeFiles\QtNetworkChat.dir\Debug\src\windows\loginwindow.cpp.obj
[54/64] Building CXX object CMakeFiles\QtNetworkChat.dir\Debug\src\historyattachmentparser.cpp.obj
[55/64] Building CXX object CMakeFiles\QtNetworkChat.dir\Debug\src\chatsessionmanager.cpp.obj
[56/64] Building CXX object CMakeFiles\QtNetworkChat.dir\Debug\src\localfilemanager.cpp.obj
[57/64] Building CXX object CMakeFiles\QtNetworkChat.dir\Debug\src\chatcontextmanager.cpp.obj
[58/64] Building CXX object CMakeFiles\QtNetworkChat.dir\Debug\src\transfermanager.cpp.obj
[59/64] Building CXX object CMakeFiles\QtNetworkChat.dir\Debug\src\windowstatemanager.cpp.obj
[60/64] Building CXX object CMakeFiles\QtNetworkChat.dir\Debug\src\composermanager.cpp.obj
[61/64] Building CXX object CMakeFiles\QtNetworkChat.dir\Debug\src\groupmanager.cpp.obj
[62/64] Building CXX object CMakeFiles\QtNetworkChat.dir\Debug\src\friendmanager.cpp.obj
[63/64] Building CXX object CMakeFiles\QtNetworkChat.dir\Debug\src\e2eenvelope.cpp.obj
[64/64] Linking CXX executable Debug\QtNetworkChat.exe; Deploying Qt SQLite driver and QQNT QSS files
