On branch qqnt-ui-frontend
Your branch is ahead of 'origin/qqnt-ui-frontend' by 2 commits.
  (use "git push" to publish your local commits)

Untracked files:
  (use "git add <file>..." to include in what will be committed)
	Makefile.mingw
	Makefile.mingw.Debug
	Makefile.mingw.Release
	Makefile.pro
	Makefile.pro.Debug
	Makefile.pro.Release
	__pycache__/
	build-cf.log
	build-clean-final.log
	build-clean-final3.log
	build-clean-main.log
	build-clean-v3.log
	build-clean.log
	build-create-join.log
	build-final-clean.log
	build-final.log
	build-final2.log
	build-final3.log
	build-fix-create-join.log
	build-join-create.log
	build-ninja-debug.log
	build-ninja-inc.log
	build-ninja-incr.log
	build-ninja-main.log
	build-ninja-main2.log
	build-ninja-vc.log
	build-ninja-vc2.log
	build-qmake-config.log
	build-qqnt-ui-config.log
	build-qqnt-ui-configure.log
	build-qqnt-ui-debug.log
	build-qt-config.log
	build-qt5.log
	build_main.py
	capture-autologin-screenshot.ps1
	cmake-config-ninja.log
	cmake-configure.log
	commit.log
	commit_and_continue.ps1
	configure-qqnt-ui.log
	inspect_header.log
	inspect_header.py
	inspect_mainwindow.log
	inspect_mainwindow.py
	inspect_out.txt
	patch-qqnt-ui-prebuild.patch
	patch_create_join.py
	patch_essence.py
	patch_imagepreview.py
	patch_includes.py
	patch_mainwindow.py
	patch_messagesview.log
	patch_messagesview.py
	patch_messagesview_re.log
	patch_messagesview_re.py
	patch_mw.log
	patch_mw.py
	patch_re.log
	run_verify.py

nothing added to commit but untracked files present (use "git add" to track)
