warning: in the working copy of 'do_commit.bat', LF will be replaced by CRLF the next time Git touches it
[qqnt-ui-frontend b6e4a194] build: add contact/group widgets to build configs; stage ContactsView integration
 60 files changed, 320525 insertions(+)
 create mode 100644 Makefile.mingw
 create mode 100644 Makefile.mingw.Debug
 create mode 100644 Makefile.mingw.Release
 create mode 100644 Makefile.pro
 create mode 100644 Makefile.pro.Debug
 create mode 100644 Makefile.pro.Release
 create mode 100644 __pycache__/patch_messagesview_re.cpython-314.pyc
 create mode 100644 build-cf.log
 create mode 100644 build-clean-final.log
 create mode 100644 build-clean-final3.log
 create mode 100644 build-clean-main.log
 create mode 100644 build-clean-v3.log
 create mode 100644 build-clean.log
 create mode 100644 build-create-join.log
 create mode 100644 build-final-clean.log
 create mode 100644 build-final.log
 create mode 100644 build-final2.log
 create mode 100644 build-final3.log
 create mode 100644 build-fix-create-join.log
 create mode 100644 build-join-create.log
 create mode 100644 build-ninja-debug.log
 create mode 100644 build-ninja-inc.log
 create mode 100644 build-ninja-incr.log
 create mode 100644 build-ninja-main.log
 create mode 100644 build-ninja-main2.log
 create mode 100644 build-ninja-vc.log
 create mode 100644 build-ninja-vc2.log
 create mode 100644 build-qmake-config.log
 create mode 100644 build-qqnt-ui-config.log
 create mode 100644 build-qqnt-ui-configure.log
 create mode 100644 build-qqnt-ui-debug.log
 create mode 100644 build-qt-config.log
 create mode 100644 build-qt5.log
 create mode 100644 build_main.py
 create mode 100644 capture-autologin-screenshot.ps1
 create mode 100644 cmake-config-ninja.log
 create mode 100644 cmake-configure.log
 create mode 100644 commit.log
 create mode 100644 configure-qqnt-ui.log
 create mode 100644 do_commit.bat
 create mode 100644 do_commit.log
 create mode 100644 inspect_header.log
 create mode 100644 inspect_header.py
 create mode 100644 inspect_mainwindow.log
 create mode 100644 inspect_mainwindow.py
 create mode 100644 inspect_out.txt
 create mode 100644 patch-qqnt-ui-prebuild.patch
 create mode 100644 patch_create_join.py
 create mode 100644 patch_essence.py
 create mode 100644 patch_imagepreview.py
 create mode 100644 patch_includes.py
 create mode 100644 patch_mainwindow.py
 create mode 100644 patch_messagesview.log
 create mode 100644 patch_messagesview.py
 create mode 100644 patch_messagesview_re.log
 create mode 100644 patch_messagesview_re.py
 create mode 100644 patch_mw.log
 create mode 100644 patch_mw.py
 create mode 100644 patch_re.log
 create mode 100644 run_verify.py
